// Jest Snapshot v1, https://goo.gl/fbAQLP

exports[`Task styled component Should be rendered correctly 1`] = `
.c0 {
  display: -webkit-box;
  display: -webkit-flex;
  display: -ms-flexbox;
  display: flex;
  -webkit-flex-direction: column;
  -ms-flex-direction: column;
  flex-direction: column;
  width: 800px;
  margin: auto;
}

<div>
  <div
    class="c0"
  />
</div>
`;
